App.tsx(31,8): error TS1192: Module '"C:/Users/gcarvalho/Documents/Gedean/Mape-RH/MapeRH/src/components/ImpersonationBanner"' has no default export.
src/pages/admin/GlobalUsers.tsx(5,20): error TS2307: Cannot find module '../../components/ui/Button' or its corresponding type declarations.
src/pages/admin/GlobalUsers.tsx(60,52): error TS2339: Property 'nome' does not exist on type '{ nome: any; }[]'.
supabase/functions/impersonate-user/index.ts(1,30): error TS2307: Cannot find module 'https://esm.sh/@supabase/supabase-js@2' or its corresponding type declarations.
supabase/functions/impersonate-user/index.ts(8,1): error TS2304: Cannot find name 'Deno'.
supabase/functions/impersonate-user/index.ts(15,13): error TS2304: Cannot find name 'Deno'.
supabase/functions/impersonate-user/index.ts(16,13): error TS2304: Cannot find name 'Deno'.
supabase/functions/invite-user/index.ts(1,30): error TS2307: Cannot find module 'https://esm.sh/@supabase/supabase-js@2' or its corresponding type declarations.
supabase/functions/invite-user/index.ts(8,1): error TS2304: Cannot find name 'Deno'.
supabase/functions/invite-user/index.ts(16,13): error TS2304: Cannot find name 'Deno'.
supabase/functions/invite-user/index.ts(17,13): error TS2304: Cannot find name 'Deno'.
